# serializer version: 1
# name: test_electricity_midnight
  Electricity(usage_prices={FakeDatetime(2022, 12, 28, 22, 0, tzinfo=datetime.timezone.utc): 0.0234132, FakeDatetime(2022, 12, 28, 23, 0, tzinfo=datetime.timezone.utc): -0.0008829, FakeDatetime(2022, 12, 29, 0, 0, tzinfo=datetime.timezone.utc): -0.0009265, FakeDatetime(2022, 12, 29, 1, 0, tzinfo=datetime.timezone.utc): -0.001635, FakeDatetime(2022, 12, 29, 2, 0, tzinfo=datetime.timezone.utc): -0.0027686, FakeDatetime(2022, 12, 29, 3, 0, tzinfo=datetime.timezone.utc): -0.0021364, FakeDatetime(2022, 12, 29, 4, 0, tzinfo=datetime.timezone.utc): -0.0009701, FakeDatetime(2022, 12, 29, 5, 0, tzinfo=datetime.timezone.utc): -0.0006431, FakeDatetime(2022, 12, 29, 6, 0, tzinfo=datetime.timezone.utc): 9.81e-05, FakeDatetime(2022, 12, 29, 7, 0, tzinfo=datetime.timezone.utc): 0.0435673, FakeDatetime(2022, 12, 29, 8, 0, tzinfo=datetime.timezone.utc): 0.10464, FakeDatetime(2022, 12, 29, 9, 0, tzinfo=datetime.timezone.utc): 0.1190607, FakeDatetime(2022, 12, 29, 10, 0, tzinfo=datetime.timezone.utc): 0.1188427, FakeDatetime(2022, 12, 29, 11, 0, tzinfo=datetime.timezone.utc): 0.110417, FakeDatetime(2022, 12, 29, 12, 0, tzinfo=datetime.timezone.utc): 0.10464, FakeDatetime(2022, 12, 29, 13, 0, tzinfo=datetime.timezone.utc): 0.108891, FakeDatetime(2022, 12, 29, 14, 0, tzinfo=datetime.timezone.utc): 0.1199, FakeDatetime(2022, 12, 29, 15, 0, tzinfo=datetime.timezone.utc): 0.119791, FakeDatetime(2022, 12, 29, 16, 0, tzinfo=datetime.timezone.utc): 0.130909, FakeDatetime(2022, 12, 29, 17, 0, tzinfo=datetime.timezone.utc): 0.1334487, FakeDatetime(2022, 12, 29, 18, 0, tzinfo=datetime.timezone.utc): 0.1308763, FakeDatetime(2022, 12, 29, 19, 0, tzinfo=datetime.timezone.utc): 0.1308, FakeDatetime(2022, 12, 29, 20, 0, tzinfo=datetime.timezone.utc): 0.1141012, FakeDatetime(2022, 12, 29, 21, 0, tzinfo=datetime.timezone.utc): 0.0919306, FakeDatetime(2022, 12, 29, 22, 0, tzinfo=datetime.timezone.utc): 0.0399376}, return_prices={FakeDatetime(2022, 12, 28, 22, 0, tzinfo=datetime.timezone.utc): 0.02148, FakeDatetime(2022, 12, 28, 23, 0, tzinfo=datetime.timezone.utc): -0.00081, FakeDatetime(2022, 12, 29, 0, 0, tzinfo=datetime.timezone.utc): -0.00085, FakeDatetime(2022, 12, 29, 1, 0, tzinfo=datetime.timezone.utc): -0.0015, FakeDatetime(2022, 12, 29, 2, 0, tzinfo=datetime.timezone.utc): -0.00254, FakeDatetime(2022, 12, 29, 3, 0, tzinfo=datetime.timezone.utc): -0.00196, FakeDatetime(2022, 12, 29, 4, 0, tzinfo=datetime.timezone.utc): -0.00089, FakeDatetime(2022, 12, 29, 5, 0, tzinfo=datetime.timezone.utc): -0.00059, FakeDatetime(2022, 12, 29, 6, 0, tzinfo=datetime.timezone.utc): 9e-05, FakeDatetime(2022, 12, 29, 7, 0, tzinfo=datetime.timezone.utc): 0.03997, FakeDatetime(2022, 12, 29, 8, 0, tzinfo=datetime.timezone.utc): 0.096, FakeDatetime(2022, 12, 29, 9, 0, tzinfo=datetime.timezone.utc): 0.10923, FakeDatetime(2022, 12, 29, 10, 0, tzinfo=datetime.timezone.utc): 0.10903, FakeDatetime(2022, 12, 29, 11, 0, tzinfo=datetime.timezone.utc): 0.1013, FakeDatetime(2022, 12, 29, 12, 0, tzinfo=datetime.timezone.utc): 0.096, FakeDatetime(2022, 12, 29, 13, 0, tzinfo=datetime.timezone.utc): 0.0999, FakeDatetime(2022, 12, 29, 14, 0, tzinfo=datetime.timezone.utc): 0.11, FakeDatetime(2022, 12, 29, 15, 0, tzinfo=datetime.timezone.utc): 0.1099, FakeDatetime(2022, 12, 29, 16, 0, tzinfo=datetime.timezone.utc): 0.1201, FakeDatetime(2022, 12, 29, 17, 0, tzinfo=datetime.timezone.utc): 0.12243, FakeDatetime(2022, 12, 29, 18, 0, tzinfo=datetime.timezone.utc): 0.12007, FakeDatetime(2022, 12, 29, 19, 0, tzinfo=datetime.timezone.utc): 0.12, FakeDatetime(2022, 12, 29, 20, 0, tzinfo=datetime.timezone.utc): 0.10468, FakeDatetime(2022, 12, 29, 21, 0, tzinfo=datetime.timezone.utc): 0.08434, FakeDatetime(2022, 12, 29, 22, 0, tzinfo=datetime.timezone.utc): 0.03664})
# ---
# name: test_electricity_model_return
  Electricity(usage_prices={FakeDatetime(2022, 12, 28, 22, 0, tzinfo=datetime.timezone.utc): 0.0234132, FakeDatetime(2022, 12, 28, 23, 0, tzinfo=datetime.timezone.utc): -0.0008829, FakeDatetime(2022, 12, 29, 0, 0, tzinfo=datetime.timezone.utc): -0.0009265, FakeDatetime(2022, 12, 29, 1, 0, tzinfo=datetime.timezone.utc): -0.001635, FakeDatetime(2022, 12, 29, 2, 0, tzinfo=datetime.timezone.utc): -0.0027686, FakeDatetime(2022, 12, 29, 3, 0, tzinfo=datetime.timezone.utc): -0.0021364, FakeDatetime(2022, 12, 29, 4, 0, tzinfo=datetime.timezone.utc): -0.0009701, FakeDatetime(2022, 12, 29, 5, 0, tzinfo=datetime.timezone.utc): -0.0006431, FakeDatetime(2022, 12, 29, 6, 0, tzinfo=datetime.timezone.utc): 9.81e-05, FakeDatetime(2022, 12, 29, 7, 0, tzinfo=datetime.timezone.utc): 0.0435673, FakeDatetime(2022, 12, 29, 8, 0, tzinfo=datetime.timezone.utc): 0.10464, FakeDatetime(2022, 12, 29, 9, 0, tzinfo=datetime.timezone.utc): 0.1190607, FakeDatetime(2022, 12, 29, 10, 0, tzinfo=datetime.timezone.utc): 0.1188427, FakeDatetime(2022, 12, 29, 11, 0, tzinfo=datetime.timezone.utc): 0.110417, FakeDatetime(2022, 12, 29, 12, 0, tzinfo=datetime.timezone.utc): 0.10464, FakeDatetime(2022, 12, 29, 13, 0, tzinfo=datetime.timezone.utc): 0.108891, FakeDatetime(2022, 12, 29, 14, 0, tzinfo=datetime.timezone.utc): 0.1199, FakeDatetime(2022, 12, 29, 15, 0, tzinfo=datetime.timezone.utc): 0.119791, FakeDatetime(2022, 12, 29, 16, 0, tzinfo=datetime.timezone.utc): 0.130909, FakeDatetime(2022, 12, 29, 17, 0, tzinfo=datetime.timezone.utc): 0.1334487, FakeDatetime(2022, 12, 29, 18, 0, tzinfo=datetime.timezone.utc): 0.1308763, FakeDatetime(2022, 12, 29, 19, 0, tzinfo=datetime.timezone.utc): 0.1308, FakeDatetime(2022, 12, 29, 20, 0, tzinfo=datetime.timezone.utc): 0.1141012, FakeDatetime(2022, 12, 29, 21, 0, tzinfo=datetime.timezone.utc): 0.0919306, FakeDatetime(2022, 12, 29, 22, 0, tzinfo=datetime.timezone.utc): 0.0399376}, return_prices={FakeDatetime(2022, 12, 28, 22, 0, tzinfo=datetime.timezone.utc): 0.02148, FakeDatetime(2022, 12, 28, 23, 0, tzinfo=datetime.timezone.utc): -0.00081, FakeDatetime(2022, 12, 29, 0, 0, tzinfo=datetime.timezone.utc): -0.00085, FakeDatetime(2022, 12, 29, 1, 0, tzinfo=datetime.timezone.utc): -0.0015, FakeDatetime(2022, 12, 29, 2, 0, tzinfo=datetime.timezone.utc): -0.00254, FakeDatetime(2022, 12, 29, 3, 0, tzinfo=datetime.timezone.utc): -0.00196, FakeDatetime(2022, 12, 29, 4, 0, tzinfo=datetime.timezone.utc): -0.00089, FakeDatetime(2022, 12, 29, 5, 0, tzinfo=datetime.timezone.utc): -0.00059, FakeDatetime(2022, 12, 29, 6, 0, tzinfo=datetime.timezone.utc): 9e-05, FakeDatetime(2022, 12, 29, 7, 0, tzinfo=datetime.timezone.utc): 0.03997, FakeDatetime(2022, 12, 29, 8, 0, tzinfo=datetime.timezone.utc): 0.096, FakeDatetime(2022, 12, 29, 9, 0, tzinfo=datetime.timezone.utc): 0.10923, FakeDatetime(2022, 12, 29, 10, 0, tzinfo=datetime.timezone.utc): 0.10903, FakeDatetime(2022, 12, 29, 11, 0, tzinfo=datetime.timezone.utc): 0.1013, FakeDatetime(2022, 12, 29, 12, 0, tzinfo=datetime.timezone.utc): 0.096, FakeDatetime(2022, 12, 29, 13, 0, tzinfo=datetime.timezone.utc): 0.0999, FakeDatetime(2022, 12, 29, 14, 0, tzinfo=datetime.timezone.utc): 0.11, FakeDatetime(2022, 12, 29, 15, 0, tzinfo=datetime.timezone.utc): 0.1099, FakeDatetime(2022, 12, 29, 16, 0, tzinfo=datetime.timezone.utc): 0.1201, FakeDatetime(2022, 12, 29, 17, 0, tzinfo=datetime.timezone.utc): 0.12243, FakeDatetime(2022, 12, 29, 18, 0, tzinfo=datetime.timezone.utc): 0.12007, FakeDatetime(2022, 12, 29, 19, 0, tzinfo=datetime.timezone.utc): 0.12, FakeDatetime(2022, 12, 29, 20, 0, tzinfo=datetime.timezone.utc): 0.10468, FakeDatetime(2022, 12, 29, 21, 0, tzinfo=datetime.timezone.utc): 0.08434, FakeDatetime(2022, 12, 29, 22, 0, tzinfo=datetime.timezone.utc): 0.03664})
# ---
# name: test_electricity_model_usage
  Electricity(usage_prices={FakeDatetime(2022, 12, 28, 22, 0, tzinfo=datetime.timezone.utc): 0.0234132, FakeDatetime(2022, 12, 28, 23, 0, tzinfo=datetime.timezone.utc): -0.0008829, FakeDatetime(2022, 12, 29, 0, 0, tzinfo=datetime.timezone.utc): -0.0009265, FakeDatetime(2022, 12, 29, 1, 0, tzinfo=datetime.timezone.utc): -0.001635, FakeDatetime(2022, 12, 29, 2, 0, tzinfo=datetime.timezone.utc): -0.0027686, FakeDatetime(2022, 12, 29, 3, 0, tzinfo=datetime.timezone.utc): -0.0021364, FakeDatetime(2022, 12, 29, 4, 0, tzinfo=datetime.timezone.utc): -0.0009701, FakeDatetime(2022, 12, 29, 5, 0, tzinfo=datetime.timezone.utc): -0.0006431, FakeDatetime(2022, 12, 29, 6, 0, tzinfo=datetime.timezone.utc): 9.81e-05, FakeDatetime(2022, 12, 29, 7, 0, tzinfo=datetime.timezone.utc): 0.0435673, FakeDatetime(2022, 12, 29, 8, 0, tzinfo=datetime.timezone.utc): 0.10464, FakeDatetime(2022, 12, 29, 9, 0, tzinfo=datetime.timezone.utc): 0.1190607, FakeDatetime(2022, 12, 29, 10, 0, tzinfo=datetime.timezone.utc): 0.1188427, FakeDatetime(2022, 12, 29, 11, 0, tzinfo=datetime.timezone.utc): 0.110417, FakeDatetime(2022, 12, 29, 12, 0, tzinfo=datetime.timezone.utc): 0.10464, FakeDatetime(2022, 12, 29, 13, 0, tzinfo=datetime.timezone.utc): 0.108891, FakeDatetime(2022, 12, 29, 14, 0, tzinfo=datetime.timezone.utc): 0.1199, FakeDatetime(2022, 12, 29, 15, 0, tzinfo=datetime.timezone.utc): 0.119791, FakeDatetime(2022, 12, 29, 16, 0, tzinfo=datetime.timezone.utc): 0.130909, FakeDatetime(2022, 12, 29, 17, 0, tzinfo=datetime.timezone.utc): 0.1334487, FakeDatetime(2022, 12, 29, 18, 0, tzinfo=datetime.timezone.utc): 0.1308763, FakeDatetime(2022, 12, 29, 19, 0, tzinfo=datetime.timezone.utc): 0.1308, FakeDatetime(2022, 12, 29, 20, 0, tzinfo=datetime.timezone.utc): 0.1141012, FakeDatetime(2022, 12, 29, 21, 0, tzinfo=datetime.timezone.utc): 0.0919306, FakeDatetime(2022, 12, 29, 22, 0, tzinfo=datetime.timezone.utc): 0.0399376}, return_prices={FakeDatetime(2022, 12, 28, 22, 0, tzinfo=datetime.timezone.utc): 0.02148, FakeDatetime(2022, 12, 28, 23, 0, tzinfo=datetime.timezone.utc): -0.00081, FakeDatetime(2022, 12, 29, 0, 0, tzinfo=datetime.timezone.utc): -0.00085, FakeDatetime(2022, 12, 29, 1, 0, tzinfo=datetime.timezone.utc): -0.0015, FakeDatetime(2022, 12, 29, 2, 0, tzinfo=datetime.timezone.utc): -0.00254, FakeDatetime(2022, 12, 29, 3, 0, tzinfo=datetime.timezone.utc): -0.00196, FakeDatetime(2022, 12, 29, 4, 0, tzinfo=datetime.timezone.utc): -0.00089, FakeDatetime(2022, 12, 29, 5, 0, tzinfo=datetime.timezone.utc): -0.00059, FakeDatetime(2022, 12, 29, 6, 0, tzinfo=datetime.timezone.utc): 9e-05, FakeDatetime(2022, 12, 29, 7, 0, tzinfo=datetime.timezone.utc): 0.03997, FakeDatetime(2022, 12, 29, 8, 0, tzinfo=datetime.timezone.utc): 0.096, FakeDatetime(2022, 12, 29, 9, 0, tzinfo=datetime.timezone.utc): 0.10923, FakeDatetime(2022, 12, 29, 10, 0, tzinfo=datetime.timezone.utc): 0.10903, FakeDatetime(2022, 12, 29, 11, 0, tzinfo=datetime.timezone.utc): 0.1013, FakeDatetime(2022, 12, 29, 12, 0, tzinfo=datetime.timezone.utc): 0.096, FakeDatetime(2022, 12, 29, 13, 0, tzinfo=datetime.timezone.utc): 0.0999, FakeDatetime(2022, 12, 29, 14, 0, tzinfo=datetime.timezone.utc): 0.11, FakeDatetime(2022, 12, 29, 15, 0, tzinfo=datetime.timezone.utc): 0.1099, FakeDatetime(2022, 12, 29, 16, 0, tzinfo=datetime.timezone.utc): 0.1201, FakeDatetime(2022, 12, 29, 17, 0, tzinfo=datetime.timezone.utc): 0.12243, FakeDatetime(2022, 12, 29, 18, 0, tzinfo=datetime.timezone.utc): 0.12007, FakeDatetime(2022, 12, 29, 19, 0, tzinfo=datetime.timezone.utc): 0.12, FakeDatetime(2022, 12, 29, 20, 0, tzinfo=datetime.timezone.utc): 0.10468, FakeDatetime(2022, 12, 29, 21, 0, tzinfo=datetime.timezone.utc): 0.08434, FakeDatetime(2022, 12, 29, 22, 0, tzinfo=datetime.timezone.utc): 0.03664})
# ---
# name: test_electricity_none_data
  Electricity(usage_prices={datetime.datetime(2022, 12, 28, 22, 0, tzinfo=datetime.timezone.utc): 0.0234132, datetime.datetime(2022, 12, 28, 23, 0, tzinfo=datetime.timezone.utc): -0.0008829, datetime.datetime(2022, 12, 29, 0, 0, tzinfo=datetime.timezone.utc): -0.0009265, datetime.datetime(2022, 12, 29, 1, 0, tzinfo=datetime.timezone.utc): -0.001635, datetime.datetime(2022, 12, 29, 2, 0, tzinfo=datetime.timezone.utc): -0.0027686, datetime.datetime(2022, 12, 29, 3, 0, tzinfo=datetime.timezone.utc): -0.0021364, datetime.datetime(2022, 12, 29, 4, 0, tzinfo=datetime.timezone.utc): -0.0009701, datetime.datetime(2022, 12, 29, 5, 0, tzinfo=datetime.timezone.utc): -0.0006431, datetime.datetime(2022, 12, 29, 6, 0, tzinfo=datetime.timezone.utc): 9.81e-05, datetime.datetime(2022, 12, 29, 7, 0, tzinfo=datetime.timezone.utc): 0.0435673, datetime.datetime(2022, 12, 29, 8, 0, tzinfo=datetime.timezone.utc): 0.10464, datetime.datetime(2022, 12, 29, 9, 0, tzinfo=datetime.timezone.utc): 0.1190607, datetime.datetime(2022, 12, 29, 10, 0, tzinfo=datetime.timezone.utc): 0.1188427, datetime.datetime(2022, 12, 29, 11, 0, tzinfo=datetime.timezone.utc): 0.110417, datetime.datetime(2022, 12, 29, 12, 0, tzinfo=datetime.timezone.utc): 0.10464, datetime.datetime(2022, 12, 29, 13, 0, tzinfo=datetime.timezone.utc): 0.108891, datetime.datetime(2022, 12, 29, 14, 0, tzinfo=datetime.timezone.utc): 0.1199, datetime.datetime(2022, 12, 29, 15, 0, tzinfo=datetime.timezone.utc): 0.119791, datetime.datetime(2022, 12, 29, 16, 0, tzinfo=datetime.timezone.utc): 0.130909, datetime.datetime(2022, 12, 29, 17, 0, tzinfo=datetime.timezone.utc): 0.1334487, datetime.datetime(2022, 12, 29, 18, 0, tzinfo=datetime.timezone.utc): 0.1308763, datetime.datetime(2022, 12, 29, 19, 0, tzinfo=datetime.timezone.utc): 0.1308, datetime.datetime(2022, 12, 29, 20, 0, tzinfo=datetime.timezone.utc): 0.1141012, datetime.datetime(2022, 12, 29, 21, 0, tzinfo=datetime.timezone.utc): 0.0919306, datetime.datetime(2022, 12, 29, 22, 0, tzinfo=datetime.timezone.utc): 0.0399376}, return_prices={datetime.datetime(2022, 12, 28, 22, 0, tzinfo=datetime.timezone.utc): 0.02148, datetime.datetime(2022, 12, 28, 23, 0, tzinfo=datetime.timezone.utc): -0.00081, datetime.datetime(2022, 12, 29, 0, 0, tzinfo=datetime.timezone.utc): -0.00085, datetime.datetime(2022, 12, 29, 1, 0, tzinfo=datetime.timezone.utc): -0.0015, datetime.datetime(2022, 12, 29, 2, 0, tzinfo=datetime.timezone.utc): -0.00254, datetime.datetime(2022, 12, 29, 3, 0, tzinfo=datetime.timezone.utc): -0.00196, datetime.datetime(2022, 12, 29, 4, 0, tzinfo=datetime.timezone.utc): -0.00089, datetime.datetime(2022, 12, 29, 5, 0, tzinfo=datetime.timezone.utc): -0.00059, datetime.datetime(2022, 12, 29, 6, 0, tzinfo=datetime.timezone.utc): 9e-05, datetime.datetime(2022, 12, 29, 7, 0, tzinfo=datetime.timezone.utc): 0.03997, datetime.datetime(2022, 12, 29, 8, 0, tzinfo=datetime.timezone.utc): 0.096, datetime.datetime(2022, 12, 29, 9, 0, tzinfo=datetime.timezone.utc): 0.10923, datetime.datetime(2022, 12, 29, 10, 0, tzinfo=datetime.timezone.utc): 0.10903, datetime.datetime(2022, 12, 29, 11, 0, tzinfo=datetime.timezone.utc): 0.1013, datetime.datetime(2022, 12, 29, 12, 0, tzinfo=datetime.timezone.utc): 0.096, datetime.datetime(2022, 12, 29, 13, 0, tzinfo=datetime.timezone.utc): 0.0999, datetime.datetime(2022, 12, 29, 14, 0, tzinfo=datetime.timezone.utc): 0.11, datetime.datetime(2022, 12, 29, 15, 0, tzinfo=datetime.timezone.utc): 0.1099, datetime.datetime(2022, 12, 29, 16, 0, tzinfo=datetime.timezone.utc): 0.1201, datetime.datetime(2022, 12, 29, 17, 0, tzinfo=datetime.timezone.utc): 0.12243, datetime.datetime(2022, 12, 29, 18, 0, tzinfo=datetime.timezone.utc): 0.12007, datetime.datetime(2022, 12, 29, 19, 0, tzinfo=datetime.timezone.utc): 0.12, datetime.datetime(2022, 12, 29, 20, 0, tzinfo=datetime.timezone.utc): 0.10468, datetime.datetime(2022, 12, 29, 21, 0, tzinfo=datetime.timezone.utc): 0.08434, datetime.datetime(2022, 12, 29, 22, 0, tzinfo=datetime.timezone.utc): 0.03664})
# ---
# name: test_gas_model
  Gas(prices={FakeDatetime(2022, 12, 13, 22, 0, tzinfo=datetime.timezone.utc): 1.4645022, FakeDatetime(2022, 12, 13, 23, 0, tzinfo=datetime.timezone.utc): 1.4645022, FakeDatetime(2022, 12, 14, 0, 0, tzinfo=datetime.timezone.utc): 1.4645022, FakeDatetime(2022, 12, 14, 1, 0, tzinfo=datetime.timezone.utc): 1.4645022, FakeDatetime(2022, 12, 14, 2, 0, tzinfo=datetime.timezone.utc): 1.4645022, FakeDatetime(2022, 12, 14, 3, 0, tzinfo=datetime.timezone.utc): 1.4645022, FakeDatetime(2022, 12, 14, 4, 0, tzinfo=datetime.timezone.utc): 1.4645022, FakeDatetime(2022, 12, 14, 5, 0, tzinfo=datetime.timezone.utc): 1.485343, FakeDatetime(2022, 12, 14, 6, 0, tzinfo=datetime.timezone.utc): 1.485343, FakeDatetime(2022, 12, 14, 7, 0, tzinfo=datetime.timezone.utc): 1.485343, FakeDatetime(2022, 12, 14, 8, 0, tzinfo=datetime.timezone.utc): 1.485343, FakeDatetime(2022, 12, 14, 9, 0, tzinfo=datetime.timezone.utc): 1.485343, FakeDatetime(2022, 12, 14, 10, 0, tzinfo=datetime.timezone.utc): 1.485343, FakeDatetime(2022, 12, 14, 11, 0, tzinfo=datetime.timezone.utc): 1.485343, FakeDatetime(2022, 12, 14, 12, 0, tzinfo=datetime.timezone.utc): 1.485343, FakeDatetime(2022, 12, 14, 13, 0, tzinfo=datetime.timezone.utc): 1.485343, FakeDatetime(2022, 12, 14, 14, 0, tzinfo=datetime.timezone.utc): 1.485343, FakeDatetime(2022, 12, 14, 15, 0, tzinfo=datetime.timezone.utc): 1.485343, FakeDatetime(2022, 12, 14, 16, 0, tzinfo=datetime.timezone.utc): 1.485343, FakeDatetime(2022, 12, 14, 17, 0, tzinfo=datetime.timezone.utc): 1.485343, FakeDatetime(2022, 12, 14, 18, 0, tzinfo=datetime.timezone.utc): 1.485343, FakeDatetime(2022, 12, 14, 19, 0, tzinfo=datetime.timezone.utc): 1.485343, FakeDatetime(2022, 12, 14, 20, 0, tzinfo=datetime.timezone.utc): 1.485343, FakeDatetime(2022, 12, 14, 21, 0, tzinfo=datetime.timezone.utc): 1.485343, FakeDatetime(2022, 12, 14, 22, 0, tzinfo=datetime.timezone.utc): 1.485343})
# ---
# name: test_gas_morning_model
  Gas(prices={FakeDatetime(2022, 12, 13, 22, 0, tzinfo=datetime.timezone.utc): 1.4645022, FakeDatetime(2022, 12, 13, 23, 0, tzinfo=datetime.timezone.utc): 1.4645022, FakeDatetime(2022, 12, 14, 0, 0, tzinfo=datetime.timezone.utc): 1.4645022, FakeDatetime(2022, 12, 14, 1, 0, tzinfo=datetime.timezone.utc): 1.4645022, FakeDatetime(2022, 12, 14, 2, 0, tzinfo=datetime.timezone.utc): 1.4645022, FakeDatetime(2022, 12, 14, 3, 0, tzinfo=datetime.timezone.utc): 1.4645022, FakeDatetime(2022, 12, 14, 4, 0, tzinfo=datetime.timezone.utc): 1.4645022, FakeDatetime(2022, 12, 14, 5, 0, tzinfo=datetime.timezone.utc): 1.485343, FakeDatetime(2022, 12, 14, 6, 0, tzinfo=datetime.timezone.utc): 1.485343, FakeDatetime(2022, 12, 14, 7, 0, tzinfo=datetime.timezone.utc): 1.485343, FakeDatetime(2022, 12, 14, 8, 0, tzinfo=datetime.timezone.utc): 1.485343, FakeDatetime(2022, 12, 14, 9, 0, tzinfo=datetime.timezone.utc): 1.485343, FakeDatetime(2022, 12, 14, 10, 0, tzinfo=datetime.timezone.utc): 1.485343, FakeDatetime(2022, 12, 14, 11, 0, tzinfo=datetime.timezone.utc): 1.485343, FakeDatetime(2022, 12, 14, 12, 0, tzinfo=datetime.timezone.utc): 1.485343, FakeDatetime(2022, 12, 14, 13, 0, tzinfo=datetime.timezone.utc): 1.485343, FakeDatetime(2022, 12, 14, 14, 0, tzinfo=datetime.timezone.utc): 1.485343, FakeDatetime(2022, 12, 14, 15, 0, tzinfo=datetime.timezone.utc): 1.485343, FakeDatetime(2022, 12, 14, 16, 0, tzinfo=datetime.timezone.utc): 1.485343, FakeDatetime(2022, 12, 14, 17, 0, tzinfo=datetime.timezone.utc): 1.485343, FakeDatetime(2022, 12, 14, 18, 0, tzinfo=datetime.timezone.utc): 1.485343, FakeDatetime(2022, 12, 14, 19, 0, tzinfo=datetime.timezone.utc): 1.485343, FakeDatetime(2022, 12, 14, 20, 0, tzinfo=datetime.timezone.utc): 1.485343, FakeDatetime(2022, 12, 14, 21, 0, tzinfo=datetime.timezone.utc): 1.485343, FakeDatetime(2022, 12, 14, 22, 0, tzinfo=datetime.timezone.utc): 1.485343})
# ---
# name: test_gas_none_data
  Gas(prices={datetime.datetime(2022, 12, 13, 22, 0, tzinfo=datetime.timezone.utc): 1.4645022, datetime.datetime(2022, 12, 13, 23, 0, tzinfo=datetime.timezone.utc): 1.4645022, datetime.datetime(2022, 12, 14, 0, 0, tzinfo=datetime.timezone.utc): 1.4645022, datetime.datetime(2022, 12, 14, 1, 0, tzinfo=datetime.timezone.utc): 1.4645022, datetime.datetime(2022, 12, 14, 2, 0, tzinfo=datetime.timezone.utc): 1.4645022, datetime.datetime(2022, 12, 14, 3, 0, tzinfo=datetime.timezone.utc): 1.4645022, datetime.datetime(2022, 12, 14, 4, 0, tzinfo=datetime.timezone.utc): 1.4645022, datetime.datetime(2022, 12, 14, 5, 0, tzinfo=datetime.timezone.utc): 1.485343, datetime.datetime(2022, 12, 14, 6, 0, tzinfo=datetime.timezone.utc): 1.485343, datetime.datetime(2022, 12, 14, 7, 0, tzinfo=datetime.timezone.utc): 1.485343, datetime.datetime(2022, 12, 14, 8, 0, tzinfo=datetime.timezone.utc): 1.485343, datetime.datetime(2022, 12, 14, 9, 0, tzinfo=datetime.timezone.utc): 1.485343, datetime.datetime(2022, 12, 14, 10, 0, tzinfo=datetime.timezone.utc): 1.485343, datetime.datetime(2022, 12, 14, 11, 0, tzinfo=datetime.timezone.utc): 1.485343, datetime.datetime(2022, 12, 14, 12, 0, tzinfo=datetime.timezone.utc): 1.485343, datetime.datetime(2022, 12, 14, 13, 0, tzinfo=datetime.timezone.utc): 1.485343, datetime.datetime(2022, 12, 14, 14, 0, tzinfo=datetime.timezone.utc): 1.485343, datetime.datetime(2022, 12, 14, 15, 0, tzinfo=datetime.timezone.utc): 1.485343, datetime.datetime(2022, 12, 14, 16, 0, tzinfo=datetime.timezone.utc): 1.485343, datetime.datetime(2022, 12, 14, 17, 0, tzinfo=datetime.timezone.utc): 1.485343, datetime.datetime(2022, 12, 14, 18, 0, tzinfo=datetime.timezone.utc): 1.485343, datetime.datetime(2022, 12, 14, 19, 0, tzinfo=datetime.timezone.utc): 1.485343, datetime.datetime(2022, 12, 14, 20, 0, tzinfo=datetime.timezone.utc): 1.485343, datetime.datetime(2022, 12, 14, 21, 0, tzinfo=datetime.timezone.utc): 1.485343, datetime.datetime(2022, 12, 14, 22, 0, tzinfo=datetime.timezone.utc): 1.485343})
# ---
